// Jest Snapshot v1, https://goo.gl/fbAQLP

exports[`Details Element Tests renders correctly 1`] = `<div />`;
